"姓","名","生年月日","郵便番号","住所","電話番号"
"藤沢","清太郎","1988-01-01","251-0036","神奈川県藤沢市江の島１丁目１－１","050-1234-5678"
"橘","涼子","1999-01-01","100-0002","東京都千代田区丸の内1丁目9－1","090-1234-5678"

