
<!-- Updated 2021-01-01 -->
<nav>
  <ul class="main-item" href="/solutions/">Solutions</ul><ul class="main-item" href="/services/special.html">Services</ul><ul class="main-item" href="/wide/support/">Support</ul>
</nav>
