Τα πρώτα γράμματα του αλφαβήτου είναι άλφα, βήτα, γάμμα.
