Q: Who watches the watchers?
A: We watch each other.
