Rejoice, for Spring brings such warmth to our hearts with dandelions, crocuses, daffodils, tulips, hyacinths, bluebells and more!
