Rejoice! Spring brings warmth to our hearts with dandelions, crocuses, daffodils, tulips, hyacinths, bluebells and more

And now for some modular addition: 8 + 7 is 4 in Z-11.
