

<h1>Acme Corporation Product Catalog 2022</h1>

<!-- hiccup employed only for tabular content -->
<h2>Sales Offices</h2>
<p>Contraption design &amp; consulting services available through all sales offices.</p>
<table>
  <thead>
    <tr>
      <th>Region</th>
      <th>Phone Number</th>
    </tr>
  </thead>
  <tbody>
    <tr><td>Sonoran</td><td>+1-800-123-4567</td></tr><tr><td>Mojave</td><td>+7654-321-008-1</td></tr>
  </tbody>
</table>

<!-- HTML generated completely with hiccup -->
<h2>Products<table><thead><tr><th>Name</th><th>Weight</th><th>Minimum Order Qty</th></tr></thead><tbody><tr><td>Bag of bird seed</td><td>1.0 kg</td><td>129</td><td>0.39 $</td></tr><tr><td>Ironing board on rollerskates</td><td>2.0 kg</td><td>3</td><td>17.95 $</td></tr></tbody></table></h2>

<footer>
  Copyright (c) 2021 Acme Corporation
</footer>
